------------------------------------------------------------
Timing Analyzer Summary
------------------------------------------------------------

Type  : Slow 1200mV 85C Model Setup 'u2|altpll_component|auto_generated|pll1|clk[0]'
Slack : 1989.922
TNS   : 0.000

Type  : Slow 1200mV 85C Model Hold 'u2|altpll_component|auto_generated|pll1|clk[0]'
Slack : 0.341
TNS   : 0.000

Type  : Slow 1200mV 85C Model Minimum Pulse Width 'MAX10_CLK1_50'
Slack : 9.851
TNS   : 0.000

Type  : Slow 1200mV 85C Model Minimum Pulse Width 'u2|altpll_component|auto_generated|pll1|clk[0]'
Slack : 999.719
TNS   : 0.000

Type  : Slow 1200mV 0C Model Setup 'u2|altpll_component|auto_generated|pll1|clk[0]'
Slack : 1990.731
TNS   : 0.000

Type  : Slow 1200mV 0C Model Hold 'u2|altpll_component|auto_generated|pll1|clk[0]'
Slack : 0.305
TNS   : 0.000

Type  : Slow 1200mV 0C Model Minimum Pulse Width 'MAX10_CLK1_50'
Slack : 9.798
TNS   : 0.000

Type  : Slow 1200mV 0C Model Minimum Pulse Width 'u2|altpll_component|auto_generated|pll1|clk[0]'
Slack : 999.709
TNS   : 0.000

Type  : Fast 1200mV 0C Model Setup 'u2|altpll_component|auto_generated|pll1|clk[0]'
Slack : 1995.613
TNS   : 0.000

Type  : Fast 1200mV 0C Model Hold 'u2|altpll_component|auto_generated|pll1|clk[0]'
Slack : 0.148
TNS   : 0.000

Type  : Fast 1200mV 0C Model Minimum Pulse Width 'MAX10_CLK1_50'
Slack : 9.660
TNS   : 0.000

Type  : Fast 1200mV 0C Model Minimum Pulse Width 'u2|altpll_component|auto_generated|pll1|clk[0]'
Slack : 999.772
TNS   : 0.000

------------------------------------------------------------
