------------------------------------------------------------
Timing Analyzer Summary
------------------------------------------------------------

Type  : Slow 1200mV 85C Model Setup 'u2|altpll_component|auto_generated|pll1|clk[0]'
Slack : 1992.784
TNS   : 0.000

Type  : Slow 1200mV 85C Model Hold 'u2|altpll_component|auto_generated|pll1|clk[0]'
Slack : 0.346
TNS   : 0.000

Type  : Slow 1200mV 85C Model Minimum Pulse Width 'MAX10_CLK1_50'
Slack : 9.851
TNS   : 0.000

Type  : Slow 1200mV 85C Model Minimum Pulse Width 'u2|altpll_component|auto_generated|pll1|clk[0]'
Slack : 999.729
TNS   : 0.000

Type  : Slow 1200mV 0C Model Setup 'u2|altpll_component|auto_generated|pll1|clk[0]'
Slack : 1993.318
TNS   : 0.000

Type  : Slow 1200mV 0C Model Hold 'u2|altpll_component|auto_generated|pll1|clk[0]'
Slack : 0.311
TNS   : 0.000

Type  : Slow 1200mV 0C Model Minimum Pulse Width 'MAX10_CLK1_50'
Slack : 9.798
TNS   : 0.000

Type  : Slow 1200mV 0C Model Minimum Pulse Width 'u2|altpll_component|auto_generated|pll1|clk[0]'
Slack : 999.717
TNS   : 0.000

Type  : Fast 1200mV 0C Model Setup 'u2|altpll_component|auto_generated|pll1|clk[0]'
Slack : 1996.803
TNS   : 0.000

Type  : Fast 1200mV 0C Model Hold 'u2|altpll_component|auto_generated|pll1|clk[0]'
Slack : 0.151
TNS   : 0.000

Type  : Fast 1200mV 0C Model Minimum Pulse Width 'MAX10_CLK1_50'
Slack : 9.660
TNS   : 0.000

Type  : Fast 1200mV 0C Model Minimum Pulse Width 'u2|altpll_component|auto_generated|pll1|clk[0]'
Slack : 999.773
TNS   : 0.000

------------------------------------------------------------
